L6470.c:241:6:L6470_ResetAppCmdPkg	24	static
L6470.c:264:6:L6470_FillAppCmdPkg	24	static
L6470.c:283:6:L6470_PrepareAppCmdPkg	32	static
L6470.c:301:6:L6470_PrepareDaisyChainCommand	24	static
L6470.c:444:9:AbsPos_2_Position	16	static
L6470.c:458:10:Position_2_AbsPos	16	static
L6470.c:477:7:Speed_2_Step_s	16	static
L6470.c:488:10:Step_s_2_Speed	16	static
L6470.c:502:7:Acc_2_Step_s2	16	static
L6470.c:516:10:Step_s2_2_Acc	16	static
L6470.c:530:7:Dec_2_Step_s2	16	static
L6470.c:544:10:Step_s2_2_Dec	16	static
L6470.c:558:7:MaxSpeed_2_Step_s	16	static
L6470.c:572:10:Step_s_2_MaxSpeed	16	static
L6470.c:586:7:MinSpeed_2_Step_s	16	static
L6470.c:600:10:Step_s_2_MinSpeed	16	static
L6470.c:614:7:FsSpd_2_Step_s	24	static
L6470.c:628:10:Step_s_2_FsSpd	16	static
L6470.c:642:7:IntSpeed_2_Step_s	16	static
L6470.c:656:10:Step_s_2_IntSpeed	16	static
L6470.c:670:7:StSlp_2_s_Step	16	static
L6470.c:684:9:s_Step_2_StSlp	16	static
L6470.c:698:7:FnSlpAcc_2_s_Step	16	static
L6470.c:712:9:s_Step_2_FnSlpAcc	16	static
L6470.c:726:7:FnSlpDec_2_s_Step	16	static
L6470.c:740:9:s_Step_2_FnSlpDec	16	static
L6470.c:754:7:OcdTh_2_mA	16	static
L6470.c:768:9:mA_2_OcdTh	24	static
L6470.c:792:7:StallTh_2_mA	16	static
L6470.c:806:9:mA_2_StallTh	24	static
L6470.c:840:6:L6470_SetParam	24	static
L6470.c:855:10:L6470_GetParam	32	static
L6470.c:878:6:L6470_Run	24	static
L6470.c:891:6:L6470_StepClock	24	static
L6470.c:905:6:L6470_Move	24	static
L6470.c:918:6:L6470_GoTo	24	static
L6470.c:935:6:L6470_GoToDir	24	static
L6470.c:954:6:L6470_GoUntil	24	static
L6470.c:969:6:L6470_ReleaseSW	24	static
L6470.c:982:6:L6470_GoHome	24	static
L6470.c:995:6:L6470_GoMark	24	static
L6470.c:1007:6:L6470_ResetPos	24	static
L6470.c:1019:6:L6470_ResetDevice	24	static
L6470.c:1033:6:L6470_SoftStop	24	static
L6470.c:1045:6:L6470_HardStop	24	static
L6470.c:1059:6:L6470_SoftHiZ	24	static
L6470.c:1071:6:L6470_HardHiZ	24	static
L6470.c:1085:10:L6470_GetStatus	32	static
L6470.c:1117:6:L6470_PrepareSetParam	24	static
L6470.c:1133:6:L6470_PrepareGetParam	24	static
L6470.c:1148:6:L6470_PrepareRun	24	static
L6470.c:1162:6:L6470_PrepareStepClock	24	static
L6470.c:1177:6:L6470_PrepareMove	24	static
L6470.c:1191:6:L6470_PrepareGoTo	24	static
L6470.c:1206:6:L6470_PrepareGoToDir	24	static
L6470.c:1222:6:L6470_PrepareGoUntil	24	static
L6470.c:1237:6:L6470_PrepareReleaseSW	24	static
L6470.c:1250:6:L6470_PrepareGoHome	24	static
L6470.c:1263:6:L6470_PrepareGoMark	24	static
L6470.c:1276:6:L6470_PrepareResetPos	24	static
L6470.c:1289:6:L6470_PrepareResetDevice	24	static
L6470.c:1302:6:L6470_PrepareSoftStop	24	static
L6470.c:1315:6:L6470_PrepareHardStop	24	static
L6470.c:1328:6:L6470_PrepareSoftHiZ	24	static
L6470.c:1341:6:L6470_PrepareHardHiZ	24	static
L6470.c:1354:6:L6470_PrepareGetStatus	24	static
L6470.c:1371:10:L6470_PerformPreparedApplicationCommand	8	static
L6470.c:1389:9:L6470_ID	16	static
L6470.c:1406:6:L6470_DaisyChainCommand	32	static,ignoring_inline_asm
L6470.c:1436:10:L6470_ExtractReturnedData	24	static
L6470.c:1459:9:L6470_CheckStatusRegisterFlag	24	static
L6470.c:1521:10:L6470_GetRegisterName	16	static
L6470.c:1538:6:L6470_Config	24	static
