xnucleoihm02a1.c:271:6:BSP_NUCLEO_GPIO_Init	32	static
xnucleoihm02a1.c:321:6:BSP_L6470_Init	16	static
xnucleoihm02a1.c:358:6:BSP_IRQ	16	static
xnucleoihm02a1.c:393:6:BSP_L6470_SetParam	16	static
xnucleoihm02a1.c:410:10:BSP_L6470_GetParam	16	static
xnucleoihm02a1.c:429:6:BSP_L6470_Run	16	static
xnucleoihm02a1.c:445:6:BSP_L6470_StepClock	16	static
xnucleoihm02a1.c:462:6:BSP_L6470_Move	16	static
xnucleoihm02a1.c:478:6:BSP_L6470_GoTo	16	static
xnucleoihm02a1.c:495:6:BSP_L6470_GoToDir	16	static
xnucleoihm02a1.c:513:6:BSP_L6470_GoUntil	24	static
xnucleoihm02a1.c:530:6:BSP_L6470_ReleaseSW	24	static
xnucleoihm02a1.c:545:6:BSP_L6470_GoHome	16	static
xnucleoihm02a1.c:560:6:BSP_L6470_GoMark	16	static
xnucleoihm02a1.c:575:6:BSP_L6470_ResetPos	16	static
xnucleoihm02a1.c:590:6:BSP_L6470_ResetDevice	16	static
xnucleoihm02a1.c:605:6:BSP_L6470_SoftStop	16	static
xnucleoihm02a1.c:620:6:BSP_L6470_HardStop	16	static
xnucleoihm02a1.c:635:6:BSP_L6470_SoftHiZ	16	static
xnucleoihm02a1.c:650:6:BSP_L6470_HardHiZ	16	static
xnucleoihm02a1.c:666:10:BSP_L6470_GetStatus	16	static
xnucleoihm02a1.c:688:10:BSP_L6470_PerformPreparedApplicationCommand	16	static
xnucleoihm02a1.c:707:9:BSP_L6470_CheckStatusRegisterFlag	16	static
xnucleoihm02a1.c:727:9:EXPBRD_ID	16	static
xnucleoihm02a1.c:744:9:BSP_Select	16	static
xnucleoihm02a1.c:760:6:BSP_Init	8	static
xnucleoihm02a1.c:778:6:BSP_L6470_BusySynchEventManager	4	static,ignoring_inline_asm
xnucleoihm02a1.c:786:6:BSP_L6470_FlagEventManager	4	static,ignoring_inline_asm
xnucleoihm02a1.c:794:6:BSP_EmergencyStop	8	static
xnucleoihm02a1.c:806:6:BSP_0_Config	24	static
xnucleoihm02a1.c:818:6:BSP_1_Config	24	static
xnucleoihm02a1.c:830:6:BSP_2_Config	24	static
xnucleoihm02a1.c:842:6:BSP_3_Config	24	static
xnucleoihm02a1.c:855:6:BSP_L6470_0_0_Config	24	static
xnucleoihm02a1.c:868:6:BSP_L6470_0_1_Config	24	static
xnucleoihm02a1.c:881:6:BSP_L6470_1_0_Config	24	static
xnucleoihm02a1.c:894:6:BSP_L6470_1_1_Config	24	static
xnucleoihm02a1.c:907:6:BSP_L6470_2_0_Config	24	static
xnucleoihm02a1.c:920:6:BSP_L6470_2_1_Config	24	static
xnucleoihm02a1.c:933:6:BSP_L6470_3_0_Config	24	static
xnucleoihm02a1.c:946:6:BSP_L6470_3_1_Config	24	static
xnucleoihm02a1.c:959:28:BSP_GetExpansionBoardHandle	16	static
xnucleoihm02a1.c:978:6:BSP_Config	16	static
