main.c:94:1:__io_putchar	16	static
main.c:109:5:main	8	static
main.c:184:6:SystemClock_Config	88	static
main.c:228:13:MX_ADC1_Init	24	static
main.c:278:13:MX_SPI1_Init	24	static
main.c:385:13:MX_TIM1_Init	96	static
main.c:460:13:MX_TIM2_Init	32	static
main.c:505:13:MX_USART2_UART_Init	8	static
main.c:538:13:MX_GPIO_Init	48	static
main.c:628:6:BSP_ServoMotorInit	120	static
main.c:712:6:BSP_ServoMotorOn	8	static
main.c:730:6:BSP_ServoMotorOff	8	static
main.c:734:6:BSP_ServoMotorSetAngle	24	static
main.c:754:6:User_LED_Blinking	24	static
main.c:780:6:Error_Handler	4	static
