plotterProcess.c:144:6:plotterProcess	264	static
plotterProcess.c:199:10:BSP_ST1S14_PGOOD	8	static
plotterProcess.c:218:10:usrPow	24	static
plotterProcess.c:234:6:HAL_GPIO_EXTI_Callback	16	static
plotterProcess.c:264:13:__GoToEndStop	32	static
plotterProcess.c:334:13:__GoHome	16	static
plotterProcess.c:386:13:__GoTo	192	static
plotterProcess.c:551:16:gcd	24	static
plotterProcess.c:560:13:__MoveBy	120	static
plotterProcess.c:699:13:__DrawBy	16	static
plotterProcess.c:705:13:__DrawTo	32	static
plotterProcess.c:718:13:__Circle	64	static
plotterProcess.c:736:13:__Ellipse	64	static
plotterProcess.c:754:6:__PenUp	8	static
plotterProcess.c:761:6:__PenDown	8	static
plotterProcess.c:773:6:UART_ReadString	24	static
plotterProcess.c:788:6:CMD_Parser	568	static
plotterProcess.c:840:17:PCLK1TIM	16	static
plotterProcess.c:866:13:Wait	40	static
plotterProcess.c:889:13:TimerStart	40	static
plotterProcess.c:910:13:TimerStop	8	static
plotterProcess.c:914:6:HAL_TIM_PeriodElapsedCallback	16	static
plotterProcess.c:923:6:CMD_help	16	static
plotterProcess.c:928:6:CMD_gohome	16	static
plotterProcess.c:939:6:CMD_goto	16	static
plotterProcess.c:950:6:CMD_circle	16	static
plotterProcess.c:961:6:CMD_draw	16	static
plotterProcess.c:972:6:CMD_drawto	16	static
plotterProcess.c:984:6:CMD_ellipse	16	static
plotterProcess.c:995:6:CMD_move	16	static
plotterProcess.c:1006:6:CMD_pendown	16	static
plotterProcess.c:1014:6:CMD_penup	16	static
plotterProcess.c:1022:6:CMD_wait	24	static
